Audit node version 1.1.2-TEST.4 private None
OK  honest-60pct: vm=True model=True  (L=100 w=0.575 r=60 min=0 pay=0.23000000 nw=0.34500000)
OK  honest-tiny-fill: vm=True model=True  (L=100 w=0.575 r=99.9 min=0 pay=0.00057500 nw=0.57442500)
OK  honest-big-fill: vm=True model=True  (L=100 w=0.575 r=0.01 min=0 pay=0.57494250 nw=0.00005750)
OK  pay-shaved: vm=False model=False  (L=100 w=0.575 r=60 min=0 pay=0.22999999 nw=0.34500000)
OK  newwant-shaved: vm=False model=False  (L=100 w=0.575 r=60 min=0 pay=0.23000000 nw=0.34499999)
OK  no-progress: vm=False model=False  (L=100 w=0.575 r=100 min=0 pay=0.23000000 nw=0.34500000)
OK  below-minrem: vm=False model=False  (L=100 w=0.575 r=5 min=10 pay=0.23000000 nw=0.575)
OK  at-minrem: vm=True model=True  (L=100 w=0.575 r=10 min=10 pay=0.51750000 nw=0.05750000)
OK  newwant-inflated: vm=False model=False  (L=100 w=0.575 r=60 min=0 pay=0.23000000 nw=0.57500001)
OK  exact-boundary: vm=True model=True  (L=3 w=0.33333333 r=1 min=0 pay=0.22222222 nw=0.11111111)
OK  exact-boundary-shave: vm=False model=False  (L=3 w=0.33333333 r=1 min=0 pay=0.22222221 nw=0.11111111)
OK  big-values: vm=True model=True  (L=1000000000 w=1000000000 r=1 min=0 pay=999999999.00000000 nw=1.00000000)
OK  big-values-shave: vm=False model=False  (L=1000000000 w=1000000000 r=1 min=0 pay=999999998.00000000 nw=1.00000000)
OK  tiny-want: vm=True model=True  (L=1000000 w=1E-8 r=999999 min=0 pay=1E-8 nw=1E-8)
OK  rand0: vm=True model=True  (L=670488 w=2685.5093 r=214556.16000000 min=0 pay=1826.14632400 nw=859.36297600)
OK  rand1: vm=False model=False  (L=772247 w=7.2660054 r=92669.64000000 min=0 pay=6.39408476 nw=0.87192064)
OK  rand2: vm=False model=False  (L=33327 w=100604.503 r=9998.10000000 min=0 pay=70423.15209999 nw=30181.35090000)
OK  rand3: vm=True model=True  (L=58850.9 w=7.68820205 r=31779.48600000 min=0 pay=3.53657295 nw=4.15162911)
OK  rand4: vm=True model=True  (L=6178.9 w=869119331 r=6055.32200000 min=0 pay=17382386.62000000 nw=851736944.38000000)
OK  rand5: vm=True model=True  (L=3567.79 w=166944.845 r=3496.43420000 min=0 pay=3338.89690001 nw=163605.94810000)
OK  rand6: vm=False model=False  (L=97.252 w=1038.48422 r=43.76340000 min=0 pay=571.16632100 nw=467.31789899)
OK  rand7: vm=True model=True  (L=846336 w=78.3543541 r=583971.84000000 min=0 pay=24.28984978 nw=54.06450433)
OK  rand8: vm=True model=True  (L=8.2628 w=3147.97777 r=6.11447200 min=0 pay=818.47422020 nw=2329.50354980)
OK  rand9: vm=True model=True  (L=4805.1 w=83007.5811 r=528.56100000 min=0 pay=73876.74717900 nw=9130.83392100)
OK  rand10: vm=True model=True  (L=3985.92 w=4868.45605 r=837.04320000 min=0 pay=3846.08027950 nw=1022.37577051)
OK  rand11: vm=False model=False  (L=2196.85 w=75357382.4 r=1713.54300000 min=0 pay=16578624.12799999 nw=58778758.27200000)
OK  rand12: vm=True model=True  (L=56008.7 w=17.5452092 r=27444.26300000 min=0 pay=8.94805671 nw=8.59715251)
OK  rand13: vm=True model=True  (L=7178.71 w=905005354 r=2153.61300000 min=0 pay=633503747.80000000 nw=271501606.20000000)
OK  rand14: vm=False model=False  (L=4206.52 w=71069.473 r=3070.75960000 min=0 pay=19188.75771000 nw=51880.71528999)
OK  rand15: vm=True model=True  (L=222.956 w=42.4806517 r=42.36164000 min=0 pay=34.40932789 nw=8.07132383)
OK  rand16: vm=False model=False  (L=25.8608 w=57872.2459 r=24.82636800 min=0 pay=2314.88983600 nw=55557.35606399)
OK  rand17: vm=True model=True  (L=94.1436 w=4288.5303 r=27.30164400 min=0 pay=3044.85651300 nw=1243.67378700)
OK  rand18: vm=False model=False  (L=95326 w=92460221.4 r=19065.20000000 min=0 pay=73968177.11999999 nw=18492044.28000000)
OK  rand19: vm=True model=True  (L=830.556 w=64038932.6 r=415.27800000 min=0 pay=32019466.30000000 nw=32019466.30000001)
OK  rand20: vm=False model=False  (L=5548.17 w=594021783 r=4882.38960000 min=0 pay=71282613.95999999 nw=522739169.04000000)
OK  rand21: vm=False model=False  (L=71.4826 w=80624.8901 r=70.76777400 min=0 pay=806.24890100 nw=79818.64119899)
OK  rand22: vm=True model=True  (L=1169.71 w=4668256.39 r=690.12890000 min=0 pay=1913985.11990000 nw=2754271.27010000)
OK  rand23: vm=True model=True  (L=52490.3 w=54511904.8 r=42517.14300000 min=0 pay=10357261.91200001 nw=44154642.88800000)
OK  rand24: vm=False model=False  (L=1602.64 w=8187397.37 r=1121.84800000 min=0 pay=2456219.21099999 nw=5731178.15900000)
OK  rand25: vm=True model=True  (L=6280.39 w=524636386 r=942.05850000 min=0 pay=445940928.10000000 nw=78695457.90000001)
OK  rand26: vm=False model=False  (L=251084 w=25863389.9 r=27619.24000000 min=0 pay=23018417.01100000 nw=2844972.88899999)
OK  rand27: vm=True model=True  (L=855663 w=8.16690354 r=847106.37000000 min=0 pay=0.08166904 nw=8.08523451)
OK  rand28: vm=False model=False  (L=691.799 w=5903471.17 r=235.21166000 min=0 pay=3896290.97220000 nw=2007180.19779999)
OK  rand29: vm=True model=True  (L=22.2087 w=810959.829 r=20.43200400 min=0 pay=64876.78632000 nw=746083.04268001)
OK  rand30: vm=True model=True  (L=7043.15 w=4.70406377 r=4085.02700000 min=0 pay=1.97570679 nw=2.72835699)
OK  rand31: vm=False model=False  (L=235613 w=363016615 r=179065.88000000 min=0 pay=87123987.59999999 nw=275892627.40000000)
OK  rand32: vm=False model=False  (L=61702.5 w=772111 r=56149.27500000 min=0 pay=69489.98999999 nw=702621.01000000)
OK  rand33: vm=True model=True  (L=240063 w=972187338 r=103227.09000000 min=0 pay=554146782.66000000 nw=418040555.34000000)
OK  rand34: vm=False model=False  (L=292.005 w=2.30035023 r=49.64085000 min=0 pay=1.90929070 nw=0.39105953)
OK  rand35: vm=True model=True  (L=254.802 w=867.043304 r=63.70050000 min=0 pay=650.28247800 nw=216.76082600)
OK  rand36: vm=True model=True  (L=690.994 w=380.42412 r=366.22682000 min=0 pay=178.79933641 nw=201.62478360)
OK  rand37: vm=True model=True  (L=706074 w=65.082364 r=663709.56000000 min=0 pay=3.90494185 nw=61.17742216)
OK  rand38: vm=True model=True  (L=26073.6 w=2.0423526 r=15122.68800000 min=0 pay=0.85778810 nw=1.18456451)
OK  rand39: vm=True model=True  (L=1924.02 w=496743.11 r=192.40200000 min=0 pay=447068.79900001 nw=49674.31100000)
OK  rand40: vm=True model=True  (L=5.3046 w=897677789 r=0.63655200 min=0 pay=789956454.32000000 nw=107721334.68000000)
OK  rand41: vm=True model=True  (L=426.157 w=516854.672 r=221.60164000 min=0 pay=248090.24256000 nw=268764.42944000)
OK  rand42: vm=True model=True  (L=397383 w=41921.217 r=234455.97000000 min=0 pay=17187.69897000 nw=24733.51803001)
OK  rand43: vm=True model=True  (L=73.043 w=71.0678905 r=14.60860000 min=0 pay=56.85431240 nw=14.21357810)
OK  rand44: vm=False model=False  (L=228276 w=6.21890097 r=18262.08000000 min=0 pay=5.72138890 nw=0.49751207)
OK  rand45: vm=False model=False  (L=59943 w=62.7255919 r=38962.95000000 min=0 pay=21.95395716 nw=40.77163474)
OK  rand46: vm=False model=False  (L=5.9643 w=860190.29 r=0.53678700 min=0 pay=782773.16389999 nw=77417.12610000)
OK  rand47: vm=True model=True  (L=70801.2 w=43355070 r=51684.87600000 min=0 pay=11705868.90000000 nw=31649201.10000000)
OK  rand48: vm=True model=True  (L=649469 w=4.50139321 r=266282.29000000 min=0 pay=2.65582201 nw=1.84557122)
OK  rand49: vm=True model=True  (L=7022.59 w=25628.7096 r=3581.52090000 min=0 pay=12558.06770400 nw=13070.64189600)
OK  rand50: vm=True model=True  (L=4794.35 w=99752583.9 r=95.88700000 min=0 pay=97757532.22200001 nw=1995051.67800000)
OK  rand51: vm=True model=True  (L=7.682 w=2.28872699 r=2.61188000 min=0 pay=1.51055982 nw=0.77816718)
OK  rand52: vm=True model=True  (L=923654 w=944109.233 r=443353.92000000 min=0 pay=490936.80116001 nw=453172.43184000)
OK  rand53: vm=False model=False  (L=45.947 w=75542.0241 r=36.29813000 min=0 pay=15863.82506099 nw=59678.19903900)
OK  rand54: vm=True model=True  (L=70.0306 w=32145548.3 r=12.60550800 min=0 pay=26359349.60600001 nw=5786198.69400000)
OK  rand55: vm=True model=True  (L=932932 w=7.97163847 r=186586.40000000 min=0 pay=6.37731078 nw=1.59432771)
OK  rand56: vm=False model=False  (L=63421.1 w=7705.30218 r=17123.69700000 min=0 pay=5624.87059140 nw=2080.43158859)
OK  rand57: vm=False model=False  (L=529.96 w=269639389 r=63.59520000 min=0 pay=237282662.32000000 nw=32356726.67999999)
OK  rand58: vm=True model=True  (L=8696.35 w=47337804 r=3739.43050000 min=0 pay=26982548.28000000 nw=20355255.72000000)
OK  rand59: vm=True model=True  (L=169.431 w=592.362343 r=121.99032000 min=0 pay=165.86145604 nw=426.50088696)
OK  rand60: vm=False model=False  (L=7889.9 w=585823119 r=3787.15200000 min=0 pay=304628021.87999999 nw=281195097.12000000)
OK  rand61: vm=True model=True  (L=45066.5 w=4491.34 r=21181.25500000 min=0 pay=2380.41020000 nw=2110.92980000)
OK  rand62: vm=False model=False  (L=22028.2 w=71611430.3 r=10132.97200000 min=0 pay=38670172.36200000 nw=32941257.93799999)
OK  rand63: vm=True model=True  (L=65081.1 w=994031.335 r=13667.03100000 min=0 pay=785284.75465000 nw=208746.58035000)
OK  rand64: vm=False model=False  (L=2599.1 w=7908.80075 r=1377.52300000 min=0 pay=3717.13635249 nw=4191.66439750)
OK  rand65: vm=True model=True  (L=27976.7 w=84543694.4 r=13708.58300000 min=0 pay=43117284.14400000 nw=41426410.25600000)
OK  rand66: vm=True model=True  (L=23323.9 w=87.6803189 r=10495.75500000 min=0 pay=48.22417541 nw=39.45614351)
OK  rand67: vm=True model=True  (L=233753 w=708705.239 r=121551.56000000 min=0 pay=340178.51472000 nw=368526.72428001)
OK  rand68: vm=False model=False  (L=906340 w=83035.3158 r=407853.00000000 min=0 pay=45669.42369000 nw=37365.89210999)
OK  rand69: vm=True model=True  (L=71.2527 w=355569463 r=10.68790500 min=0 pay=302234043.55000001 nw=53335419.45000000)
OK  rand70: vm=True model=True  (L=6087.93 w=4107835.3 r=4687.70610000 min=0 pay=944802.11900000 nw=3163033.18100001)
OK  rand71: vm=True model=True  (L=7639.35 w=4.68574365 r=1145.90250000 min=0 pay=3.98288212 nw=0.70286155)
OK  rand72: vm=False model=False  (L=267096 w=761.052405 r=2670.96000000 min=0 pay=753.44188094 nw=7.61052405)
OK  rand73: vm=True model=True  (L=381.914 w=751.33803 r=305.53120000 min=0 pay=150.26760601 nw=601.07042400)
OK  rand74: vm=True model=True  (L=7547.18 w=54451.8648 r=6490.57480000 min=0 pay=7623.26107200 nw=46828.60372801)
OK  rand75: vm=True model=True  (L=4219.48 w=5952958.71 r=1054.87000000 min=0 pay=4464719.03250000 nw=1488239.67750001)
OK  rand76: vm=False model=False  (L=71022 w=66090.4108 r=36931.44000000 min=0 pay=31723.39718399 nw=34367.01361600)
OK  rand77: vm=False model=False  (L=3186.36 w=225.681937 r=2389.77000000 min=0 pay=56.42048425 nw=169.26145274)
OK  rand78: vm=True model=True  (L=487.576 w=474765.467 r=321.80016000 min=0 pay=161420.25878001 nw=313345.20822000)
OK  rand79: vm=False model=False  (L=690856 w=3.04713333 r=587227.60000000 min=0 pay=0.45707000 nw=2.59006333)
OK  rand80: vm=True model=True  (L=9792.4 w=72240.8849 r=2839.79600000 min=0 pay=51291.02827900 nw=20949.85662100)
OK  rand81: vm=True model=True  (L=25612 w=26.2897677 r=20233.48000000 min=0 pay=5.52085122 nw=20.76891649)
OK  rand82: vm=True model=True  (L=43.4573 w=208.773244 r=27.81267200 min=0 pay=75.15836785 nw=133.61487616)
OK  rand83: vm=True model=True  (L=154740 w=95848618.5 r=85107.00000000 min=0 pay=43131878.32500000 nw=52716740.17500000)
OK  rand84: vm=True model=True  (L=84.3171 w=498806646 r=60.70831200 min=0 pay=139665860.88000000 nw=359140785.12000000)
OK  rand85: vm=False model=False  (L=47863.5 w=86.0514524 r=41162.61000000 min=0 pay=12.04720334 nw=74.00424906)
OK  rand86: vm=False model=False  (L=996.189 w=6.57830421 r=547.90395000 min=0 pay=2.96023690 nw=3.61806731)
OK  rand87: vm=True model=True  (L=94079.1 w=79.849395 r=54565.87800000 min=0 pay=33.53674591 nw=46.31264910)
OK  rand88: vm=False model=False  (L=8806.61 w=8.22286181 r=5548.16430000 min=0 pay=3.04245886 nw=5.18040295)
OK  rand89: vm=True model=True  (L=287.937 w=8319.7118 r=89.26047000 min=0 pay=5740.60114200 nw=2579.11065801)
OK  rand90: vm=True model=True  (L=33.524 w=865196.03 r=6.70480000 min=0 pay=692156.82400000 nw=173039.20600000)
OK  rand91: vm=True model=True  (L=72766 w=758511.78 r=6548.94000000 min=0 pay=690245.71980000 nw=68266.06020001)
OK  rand92: vm=True model=True  (L=34.6955 w=500.282415 r=2.77564000 min=0 pay=460.25982180 nw=40.02259320)
OK  rand93: vm=False model=False  (L=40.8397 w=746812124 r=40.02290600 min=0 pay=14936242.48000000 nw=731875881.51999999)
OK  rand94: vm=True model=True  (L=500150 w=37769.8144 r=485145.50000000 min=0 pay=1133.09443200 nw=36636.71996801)
OK  rand95: vm=True model=True  (L=56.4366 w=858851.905 r=35.55505800 min=0 pay=317775.20485000 nw=541076.70015000)
OK  rand96: vm=False model=False  (L=457.008 w=31.165167 r=201.08352000 min=0 pay=17.45249352 nw=13.71267347)
OK  rand97: vm=False model=False  (L=75936 w=90.2486083 r=12909.12000000 min=0 pay=74.90634488 nw=15.34226342)
OK  rand98: vm=False model=False  (L=950.984 w=635540031 r=104.60824000 min=0 pay=565630627.59000000 nw=69909403.40999999)
OK  rand99: vm=True model=True  (L=142.292 w=195130057 r=48.37928000 min=0 pay=128785837.62000000 nw=66344219.38000001)
OK  rand100: vm=True model=True  (L=221.942 w=3509.48015 r=217.50316000 min=0 pay=70.18960300 nw=3439.29054701)
OK  rand101: vm=True model=True  (L=788.54 w=27087449.2 r=481.00940000 min=0 pay=10564105.18800000 nw=16523344.01200000)
OK  rand102: vm=True model=True  (L=9981.61 w=24075671.4 r=8384.55240000 min=0 pay=3852107.42400000 nw=20223563.97600000)
OK  rand103: vm=True model=True  (L=99574.1 w=214061902 r=79659.28000000 min=0 pay=42812380.40000000 nw=171249521.60000000)
OK  rand104: vm=True model=True  (L=132.353 w=71882596.5 r=96.61769000 min=0 pay=19408301.05500000 nw=52474295.44500000)
OK  rand105: vm=False model=False  (L=7334.43 w=8234.50568 r=1613.57460000 min=0 pay=6422.91443039 nw=1811.59124960)
OK  rand106: vm=True model=True  (L=81557.4 w=33397549.8 r=61168.05000000 min=0 pay=8349387.45000000 nw=25048162.35000000)
OK  rand107: vm=False model=False  (L=603.767 w=425904.457 r=60.37670000 min=0 pay=383314.01129999 nw=42590.44570000)
OK  rand108: vm=True model=True  (L=1068.52 w=91299541.5 r=780.01960000 min=0 pay=24650876.20500000 nw=66648665.29500000)
OK  rand109: vm=False model=False  (L=558.624 w=7103.03129 r=50.27616000 min=0 pay=6463.75847390 nw=639.27281609)
OK  rand110: vm=True model=True  (L=13.267 w=88.29711 r=1.85738000 min=0 pay=75.93551460 nw=12.36159541)
OK  rand111: vm=True model=True  (L=666.46 w=7594668.79 r=373.21760000 min=0 pay=3341654.26760000 nw=4253014.52240000)
OK  rand112: vm=True model=True  (L=64.5831 w=83.1764921 r=38.74986000 min=0 pay=33.27059684 nw=49.90589527)
OK  rand113: vm=True model=True  (L=33796.1 w=89199063.3 r=12166.59600000 min=0 pay=57087400.51200001 nw=32111662.78800000)
OK  rand114: vm=True model=True  (L=786.932 w=611.871398 r=346.25008000 min=0 pay=342.64798288 nw=269.22341512)
OK  rand115: vm=True model=True  (L=8922.89 w=19.5249058 r=2498.40920000 min=0 pay=14.05793218 nw=5.46697364)
OK  rand116: vm=True model=True  (L=3568.72 w=94523.6378 r=2569.47840000 min=0 pay=26466.61858400 nw=68057.01921600)
OK  rand117: vm=False model=False  (L=8977.2 w=773.174286 r=5655.63600000 min=0 pay=286.07448581 nw=487.09980018)
OK  rand118: vm=True model=True  (L=724.157 w=69.3532953 r=420.01106000 min=0 pay=29.12838403 nw=40.22491128)
OK  rand119: vm=False model=False  (L=30852.9 w=434222.402 r=12341.16000000 min=0 pay=260533.44120000 nw=173688.96079999)

Phase A: 134 passed, 0 failed
